// Jest Snapshot v1, https://goo.gl/fbAQLP

exports[`ProductCard Have props snapshot renders 1`] = `
<div
  className="container"
>
  <div
    className="stage"
  >
    <button
      className="heart"
      onClick={[Function]}
      type="button"
    />
  </div>
  <img
    alt="thumbnail"
    className="image"
  />
  <div
    className="brand"
  />
  <div
    className="name"
  />
  <div
    className="star_ratings"
  >
    <div
      className="fill_ratings"
      style={
        Object {
          "width": "0%",
        }
      }
    >
      <span>
        ★★★★★
      </span>
    </div>
    <div
      className="empty_ratings"
    >
      <span>
        ★★★★★
      </span>
    </div>
  </div>
  <div
    className="prices"
  >
    <div
      className="price"
    >
      $
    </div>
  </div>
</div>
`;
